<p data-marko-node-id="0" lang="invalid">
  This isn't a language
</p>