<label data-marko-node-id="0" for="one">A</label><label data-marko-node-id="1" for="one">B</label><input data-marko-node-id="2" id="one"><label data-marko-node-id="3" for="two">A</label><label data-marko-node-id="4">B
  <input data-marko-node-id="5" id="two">
</label>