<div>
  <div>
    
    
      placeholder
      
      placeholder
    
  </div>
</div>