<div data-marko-node-id="0" id></div><div data-marko-node-id="1" id="hi"></div><div data-marko-node-id="2" class="hi"></div>