<div>
  Hi
</div><div>
  Hi
</div><div>
  Hi
</div><div data-marko-node-id="5">
  <div>
    Hello
  </div>
  World
</div><div>
  Hi
</div><div>
  Goodbye
</div><div>
  
</div><div>
  
</div><div>
  
</div><div>
  
</div><div>
  
</div><div>
  
</div><div>
  
</div><div>
  
</div><div>
  <div>
  </div>
  <div>
    
  </div>
  <div>
    
  </div>
</div><div>
  Hi
</div><div>
  Hi
</div><div>
  Hi
</div><div>
  Hi
</div><div>
  Hi
</div><div>
  Hi
</div>