<div data-marko-node-id="1" class="mobiles__list">
    <p data-marko-node-id="2" id="p">Year: placeholder</p>

    <div>
      <span data-marko-node-id="4" class="subnote">isSmartPhone: placeholder</span>
    </div>

    <span data-marko-node-id="5" class="subnote">phoneType: placeholder</span>

    <div>

      <span data-marko-node-id="7" id="dynamic">placeholder placeholder placeholder</span>

    </div>

    <div data-marko-node-id="8">
        
    </div>
    <div>placeholder</div>
    <div data-marko-node-id="11">Hello placeholder</div>
    <div data-marko-node-id="12">Placeholder example: <code data-marko-node-id="13">${someValue}</code></div>
</div>