<div>
  <div>

    
      placeholder

    
  </div>
</div><div>
  <div>

    
      placeholder

      <div>
        
      </div>
    
  </div>
</div><div>
  <div>
    
      No Condition.
    
  </div>
</div>