<div data-marko-node-id="0" aria-hidden="true">
	<a data-marko-node-id="1" href="/" style="position:absolute; top:-999em">Link</a>
</div><div data-marko-node-id="2" aria-hidden="true">
	<input data-marko-node-id="3" aria-disabled="true">
</div><div data-marko-node-id="4" aria-hidden="true">
    <div data-marko-node-id="5" aria-hidden="false">
        <button data-marko-node-id="6">Some button</button>
    </div>
</div><p data-marko-node-id="7" tabindex="0" aria-hidden="true">Some text</p><details data-marko-node-id="8" aria-hidden="true">
    <summary data-marko-node-id="9">Some button</summary>
    <p data-marko-node-id="10">Some details</p>
</details>