<div>
  <div>
    
  </div>
</div><div>
  <div>
    
  </div>
</div><div>
  <div>
    
      placeholder placeholder placeholder

    
  </div>
</div><div>
  <div>
    
      placeholder

    
    
      placeholder

    
  </div>
</div><div>
  <div>
    
      
    
  </div>
</div><div>
  <div>
    
      placeholder placeholder

    
  </div>
</div><div>
  <div>
    
      
    
  </div>
</div><div>
  <div>
    
      placeholder

    
  </div>
</div><div>
  <div>
    
      placeholder

    
  </div>
</div><div>
  <div>
    
      placeholder

    
  </div>
</div><div>
  <div>
    
      
    
  </div>
</div>