<div>

  placeholder placeholder

</div><div>

  
</div>placeholder