<button data-marko-node-id="0" role="heading" aria-level="3">
  header button
</button>