<li data-marko-node-id="0" role="none" id="global-attr" aria-hidden="true"></li><button data-marko-node-id="1" id="natively-focusable" role="none"></button><li data-marko-node-id="2" role="presentation" id="tabindex" tabindex="0"></li>