<div>
  
  
    placeholder
    
  
</div><div>
  
  
    placeholder
    
  
</div><div>
  
  
    placeholder
    
  
</div>