<div data-marko-node-id="0">
  <div data-marko-node-id="1" onClick>
    text
    <input data-marko-node-id="2" type="search">
  </div>
</div>