<div data-marko-node-id="0" class="mobiles__list" onClick>
    <p data-marko-node-id="1" id="p">Year: placeholder</p>

    <div>
      <span data-marko-node-id="3" class="subnote">isSmartPhone: placeholder</span>
    </div>

    <span data-marko-node-id="4" class="subnote">phoneType: placeholder</span>
    

    <div>
      <span data-marko-node-id="6" id="dynamic">placeholder placeholder placeholder</span>
    </div>

    <div data-marko-node-id="7">
        
    </div>
    <div>placeholder</div>
    <div data-marko-node-id="10">Hello placeholder</div>
    <div data-marko-node-id="11">Placeholder example: <code data-marko-node-id="12">${someValue}</code></div>

    
    
</div>