<div data-marko-node-id="0" role="region">Region 1</div><div data-marko-node-id="1" role="region">Region 2</div>