<input data-marko-node-id="0" type="checkbox" disabled checked>