<div data-marko-node-id="0">
  
  placeholder
  <button data-marko-node-id="2" onClick>
    
  </button>
</div>placeholder