<a data-marko-node-id="0" href="google.com" accesskey="g">Link to Google</a><a data-marko-node-id="1" href="github.com" accesskey="g">Link to GitHub</a>