<div data-marko-node-id="0">Hello placeholder</div>