<div data-marko-node-id="0" data-x="dynamic"></div><div data-marko-node-id="1" onClick></div>