<div data-marko-node-id="0" onClick></div><div data-marko-node-id="1" onClick></div>