<div>
  
</div><div>
  
    Hello!
  

  
    Hello!
  
</div>