<div>
    
  <a data-marko-node-id="1" href="dynamic">
    placeholder
    
  </a>
</div><select data-marko-node-id="2">
  <div>
      
    <option data-marko-node-id="4" value="dynamic">
      placeholder
      
    </option>
  </div>
</select><div>
  <div>
      
    
      
      placeholder
    
  </div>
  <div>
      
    
      
      placeholder
    
  </div>
</div>