<h1 data-marko-node-id="0"></h1><h2 data-marko-node-id="1"></h2><h3 data-marko-node-id="2"></h3><h4 data-marko-node-id="3"></h4><h5 data-marko-node-id="4"></h5><h6 data-marko-node-id="5"></h6>