<div data-marko-node-id="0" role="fake-role"></div>