<div data-marko-node-id="1"></div><div data-marko-node-id="2"></div><div data-marko-node-id="3"></div><div data-marko-node-id="4"></div><div data-marko-node-id="5"></div><div data-marko-node-id="6"></div><div data-marko-node-id="7"></div><div data-marko-node-id="8"></div><div data-marko-node-id="9"></div>