<input data-marko-node-id="0" type="checkbox" aria-label="my checkbox" aria-checked="sometimes">