<div>

  placeholder

</div><div>

  placeholder

  <div>
    
  </div>
</div><div>
  No Condition.
</div>