<div data-marko-node-id="0">
  
  
  
  <script data-marko-node-id="4">
    console.log(x);
//              ^?
    console.log(y);
//              ^?
    console.log(input.name);
//                    ^?

    const resolved = await promise;
    console.log(resolved);
    //          ^?
    x = 2;
    y = "bye";
  </script>
</div>