<button data-marko-node-id="0" tabindex="3">My Button</button>