<div data-marko-node-id="0">
  

  
</div>placeholder