<meta data-marko-node-id="0" http-equiv="refresh">