<div>
  <div>
    
  </div>
</div><div>
  
  <div>
    
  </div>
</div><div>
  <div>
    
  </div>
  <div>
    
  </div>
</div><div>
  <div>
    
  </div>
  <div>
    
  </div>
  <div>
    
  </div>
  <div>
    
  </div>
</div><div>
  <div>
    
  </div>
  <div>
    
  </div>
</div><div>
  <div>
    
  </div>
</div><div>
  <div>
    
  </div>
</div><div>
  <div>
    
  </div>

  <div>
    
  </div>
</div><div>
  
  
    
    hi!
  

  

  <div>
    
      
    
  </div>

  <div>
    
  </div>
</div>