<p data-marko-node-id="0" id="fail1" style="line-height: 1.5 !important;">Paragraph</p><p data-marko-node-id="1" id="fail2" style="letter-spacing: 100em !important;">Paragraph</p><p data-marko-node-id="2" id="fail3" style="word-spacing: -.4ch !important;">Paragraph</p><p data-marko-node-id="3" id="fail4" style="word-spacing: 200%; letter-spacing: 50rem !important; line-height: 3;">Paragraph</p>