<html data-marko-node-id="0" lang="en" xml:lang="es">
  <head data-marko-node-id="1">
    <title data-marko-node-id="2">Conflicting Languages</title>
  </head>
</html>