<p data-marko-node-id="0" role="text">body text<button data-marko-node-id="1"></button></p>