<html data-marko-node-id="0" lang="35">
  <head data-marko-node-id="1">
    <title data-marko-node-id="2">Language 35</title>
  </head>
</html>