<div>
  Repeated!
</div><div>
  placeholder placeholder placeholder

</div><div>

</div><div>
  
</div><div>
  placeholder placeholder

</div><div>

</div><div>
  
</div><div>
  placeholder

</div><div>

</div><div>
  placeholder

</div><div>
  placeholder

</div><div>
  
</div><div>
  Should error
</div>