<map data-marko-node-id="0" name="Map">
  <area data-marko-node-id="1" shape="rect" href="image-map">
</map><img data-marko-node-id="2" src="source"><a data-marko-node-id="3" href="ebay.com">
  <img data-marko-node-id="4" src="ebay-logo.png" alt="eBay">
  eBay
</a><input data-marko-node-id="5" type="image"><object data-marko-node-id="6" id="object"></object><div data-marko-node-id="7" role="img"></div><svg data-marko-node-id="8" role="img"></svg><img data-marko-node-id="9" alt="test">