<div data-marko-node-id="0">
  
  placeholder

  placeholder

  placeholder

</div>placeholder