<div data-marko-node-id="0" aria-pressed="true">Click me</div>