<div data-marko-node-id="1" data-function></div><div data-marko-node-id="2" data-function></div><div data-marko-node-id="3" data-function="dynamic"></div><div data-marko-node-id="4" data-function="dynamic"></div><div data-marko-node-id="5" data-function="dynamic"></div><div data-marko-node-id="6" data-function="dynamic"></div><div data-marko-node-id="7" data-function></div>