<label data-marko-node-id="0" for="input">Name:</label><input data-marko-node-id="1" type="text" id="input" name="name" autocomplete="invalid-value">