<button data-marko-node-id="1" onClick>Click me</button><div>
  
  <button data-marko-node-id="4" onClick>Click me</button>
</div>