<body data-marko-node-id="0" aria-hidden="true"></body>