<blink data-marko-node-id="0">
  This shouldn't be here
</blink>