<div>
  <button data-marko-node-id="2" onClick>
                  
    placeholder
  </button>
</div>